2024-12-12 21:34:52 DEBUG TelegramBot:43 - fdsf
2024-12-13 12:17:42 DEBUG UpdateProducerImpl:15 - а
2024-12-13 12:18:12 DEBUG UpdateProducerImpl:15 - 
2024-12-13 12:18:24 DEBUG UpdateProducerImpl:15 - 
2024-12-13 12:19:29 DEBUG UpdateProducerImpl:15 - а
2024-12-13 12:25:38 DEBUG UpdateProducerImpl:15 - 
2024-12-13 12:25:45 DEBUG UpdateProducerImpl:15 - 
2024-12-13 12:25:50 DEBUG UpdateProducerImpl:15 - авцаы
2024-12-13 12:25:55 ERROR UpdateController:44 - Received unsupported message type Update(updateId=557205084, message=null, inlineQuery=null, chosenInlineQuery=null, callbackQuery=null, editedMessage=Message(messageId=49, messageThreadId=null, from=User(id=585502764, firstName=Ilshat, isBot=false, lastName=Minnibaev, userName=min_ilshat, languageCode=ru, canJoinGroups=null, canReadAllGroupMessages=null, supportInlineQueries=null, isPremium=null, addedToAttachmentMenu=null), date=1734067550, chat=Chat(id=585502764, type=private, title=null, firstName=Ilshat, lastName=Minnibaev, userName=min_ilshat, photo=null, description=null, inviteLink=null, pinnedMessage=null, stickerSetName=null, canSetStickerSet=null, permissions=null, slowModeDelay=null, bio=null, linkedChatId=null, location=null, messageAutoDeleteTime=null, hasPrivateForwards=null, HasProtectedContent=null, joinToSendMessages=null, joinByRequest=null, hasRestrictedVoiceAndVideoMessages=null, isForum=null, activeUsernames=null, emojiStatusCustomEmojiId=null, hasAggressiveAntiSpamEnabled=null, hasHiddenMembers=null, emojiStatusExpirationDate=null, availableReactions=null, accentColorId=null, backgroundCustomEmojiId=null, profileAccentColorId=null, profileBackgroundCustomEmojiId=null, hasVisibleHistory=null, unrestrictBoostCount=null, customEmojiStickerSetName=null), forwardFrom=null, forwardFromChat=null, forwardDate=null, text=авцаыва, entities=null, captionEntities=null, audio=null, document=null, photo=null, sticker=null, video=null, contact=null, location=null, venue=null, animation=null, pinnedMessage=null, newChatMembers=[], leftChatMember=null, newChatTitle=null, newChatPhoto=null, deleteChatPhoto=null, groupchatCreated=null, replyToMessage=null, voice=null, caption=null, superGroupCreated=null, channelChatCreated=null, migrateToChatId=null, migrateFromChatId=null, editDate=1734067555, game=null, forwardFromMessageId=null, invoice=null, successfulPayment=null, videoNote=null, authorSignature=null, forwardSignature=null, mediaGroupId=null, connectedWebsite=null, passportData=null, forwardSenderName=null, poll=null, replyMarkup=null, dice=null, viaBot=null, senderChat=null, proximityAlertTriggered=null, messageAutoDeleteTimerChanged=null, isAutomaticForward=null, hasProtectedContent=null, webAppData=null, videoChatStarted=null, videoChatEnded=null, videoChatParticipantsInvited=null, videoChatScheduled=null, isTopicMessage=null, forumTopicCreated=null, forumTopicClosed=null, forumTopicReopened=null, forumTopicEdited=null, generalForumTopicHidden=null, generalForumTopicUnhidden=null, writeAccessAllowed=null, hasMediaSpoiler=null, userShared=null, chatShared=null, story=null, externalReplyInfo=null, forwardOrigin=null, linkPreviewOptions=null, quote=null, usersShared=null, giveawayCreated=null, giveaway=null, giveawayWinners=null, giveawayCompleted=null, replyToStory=null, boostAdded=null, senderBoostCount=null), channelPost=null, editedChannelPost=null, shippingQuery=null, preCheckoutQuery=null, poll=null, pollAnswer=null, myChatMember=null, chatMember=null, chatJoinRequest=null, messageReaction=null, messageReactionCount=null, chatBoost=null, removedChatBoost=null)
2024-12-15 16:15:30 DEBUG UpdateProducerImpl:23 - в
2024-12-15 16:17:38 DEBUG UpdateProducerImpl:23 - 
2024-12-15 16:17:46 DEBUG UpdateProducerImpl:23 - 
2024-12-16 12:03:43 DEBUG UpdateProducerImpl:22 - Hello from chat
2024-12-16 12:04:06 DEBUG UpdateProducerImpl:22 - Hello
2024-12-16 12:04:32 DEBUG UpdateProducerImpl:22 - 
2024-12-16 12:06:24 DEBUG UpdateProducerImpl:22 - аа
2024-12-19 11:02:27 DEBUG UpdateProducerImpl:22 - Hi there
2024-12-19 19:48:59 DEBUG UpdateProducerImpl:22 - Hello my friend
2024-12-19 19:57:45 DEBUG UpdateProducerImpl:22 - yo
2024-12-19 20:03:33 DEBUG UpdateProducerImpl:22 - Privet
2024-12-19 20:13:13 DEBUG UpdateProducerImpl:20 - привет
2024-12-19 20:16:16 DEBUG UpdateProducerImpl:20 - йоу
